MPLINK 5.09, LINKER
Linker Map File - Created Thu Nov 13 12:50:47 2025

                                 Section Info
                  Section       Type    Address   Location Size(Bytes)
                ---------  ---------  ---------  ---------  ---------
                   .org_0       code   0x000000    program   0x000002
                   .cinit    romdata   0x000001    program   0x000004
                   .org_1       code   0x000004    program   0x000002
                   .org_2       code   0x000005    program   0x000062
.config_2007_BUILD/DEFAULT/PRODUCTION/THEREMI       code   0x002007    program   0x000002
.config_2008_BUILD/DEFAULT/PRODUCTION/THEREMI       code   0x002008    program   0x000002



                              Program Memory Usage 
                               Start         End      
                           ---------   ---------      
                            0x000000    0x000002      
                            0x000004    0x000035      
                            0x002007    0x002008      
            55 out of 8455 program addresses used, program memory utilization is 0%



                              Symbols - Sorted by Name
                     Name    Address   Location    Storage File                     
                ---------  ---------  ---------  --------- ---------                
           ChequeoBandera   0x000028    program     static C:\Users\valen\Desktop\INGENIERIA\DIGITAL 2\GIT\TP_FINAL\Trabajo_Practico_de_Fin_de_Curso_Electronica_digital_2\Thremin.X\Theremin.asm
        Guardado_contexto   0x000025    program     static C:\Users\valen\Desktop\INGENIERIA\DIGITAL 2\GIT\TP_FINAL\Trabajo_Practico_de_Fin_de_Curso_Electronica_digital_2\Thremin.X\Theremin.asm
                      ISR   0x000025    program     static C:\Users\valen\Desktop\INGENIERIA\DIGITAL 2\GIT\TP_FINAL\Trabajo_Practico_de_Fin_de_Curso_Electronica_digital_2\Thremin.X\Theremin.asm
                     Loop   0x000024    program     static C:\Users\valen\Desktop\INGENIERIA\DIGITAL 2\GIT\TP_FINAL\Trabajo_Practico_de_Fin_de_Curso_Electronica_digital_2\Thremin.X\Theremin.asm
                     Main   0x000015    program     static C:\Users\valen\Desktop\INGENIERIA\DIGITAL 2\GIT\TP_FINAL\Trabajo_Practico_de_Fin_de_Curso_Electronica_digital_2\Thremin.X\Theremin.asm
            ONDA_CUADRADA   0x00002b    program     static C:\Users\valen\Desktop\INGENIERIA\DIGITAL 2\GIT\TP_FINAL\Trabajo_Practico_de_Fin_de_Curso_Electronica_digital_2\Thremin.X\Theremin.asm
                SalidaISR   0x000031    program     static C:\Users\valen\Desktop\INGENIERIA\DIGITAL 2\GIT\TP_FINAL\Trabajo_Practico_de_Fin_de_Curso_Electronica_digital_2\Thremin.X\Theremin.asm
       TablaDeFrecuencias   0x000005    program     static C:\Users\valen\Desktop\INGENIERIA\DIGITAL 2\GIT\TP_FINAL\Trabajo_Practico_de_Fin_de_Curso_Electronica_digital_2\Thremin.X\Theremin.asm



                              Symbols - Sorted by Address
                     Name    Address   Location    Storage File                     
                ---------  ---------  ---------  --------- ---------                
       TablaDeFrecuencias   0x000005    program     static C:\Users\valen\Desktop\INGENIERIA\DIGITAL 2\GIT\TP_FINAL\Trabajo_Practico_de_Fin_de_Curso_Electronica_digital_2\Thremin.X\Theremin.asm
                     Main   0x000015    program     static C:\Users\valen\Desktop\INGENIERIA\DIGITAL 2\GIT\TP_FINAL\Trabajo_Practico_de_Fin_de_Curso_Electronica_digital_2\Thremin.X\Theremin.asm
                     Loop   0x000024    program     static C:\Users\valen\Desktop\INGENIERIA\DIGITAL 2\GIT\TP_FINAL\Trabajo_Practico_de_Fin_de_Curso_Electronica_digital_2\Thremin.X\Theremin.asm
        Guardado_contexto   0x000025    program     static C:\Users\valen\Desktop\INGENIERIA\DIGITAL 2\GIT\TP_FINAL\Trabajo_Practico_de_Fin_de_Curso_Electronica_digital_2\Thremin.X\Theremin.asm
                      ISR   0x000025    program     static C:\Users\valen\Desktop\INGENIERIA\DIGITAL 2\GIT\TP_FINAL\Trabajo_Practico_de_Fin_de_Curso_Electronica_digital_2\Thremin.X\Theremin.asm
           ChequeoBandera   0x000028    program     static C:\Users\valen\Desktop\INGENIERIA\DIGITAL 2\GIT\TP_FINAL\Trabajo_Practico_de_Fin_de_Curso_Electronica_digital_2\Thremin.X\Theremin.asm
            ONDA_CUADRADA   0x00002b    program     static C:\Users\valen\Desktop\INGENIERIA\DIGITAL 2\GIT\TP_FINAL\Trabajo_Practico_de_Fin_de_Curso_Electronica_digital_2\Thremin.X\Theremin.asm
                SalidaISR   0x000031    program     static C:\Users\valen\Desktop\INGENIERIA\DIGITAL 2\GIT\TP_FINAL\Trabajo_Practico_de_Fin_de_Curso_Electronica_digital_2\Thremin.X\Theremin.asm


