MPLINK 5.09, LINKER
Linker Map File - Created Fri Nov 14 15:13:14 2025

                                 Section Info
                  Section       Type    Address   Location Size(Bytes)
                ---------  ---------  ---------  ---------  ---------
                   .org_0       code   0x000000    program   0x000002
                   .cinit    romdata   0x000001    program   0x000004
                   .org_1       code   0x000004    program   0x000002
                   .org_2       code   0x000005    program   0x0001c8
.config_2007_BUILD/DEFAULT/PRODUCTION/THEREMI       code   0x002007    program   0x000002
.config_2008_BUILD/DEFAULT/PRODUCTION/THEREMI       code   0x002008    program   0x000002



                              Program Memory Usage 
                               Start         End      
                           ---------   ---------      
                            0x000000    0x000002      
                            0x000004    0x0000e8      
                            0x002007    0x002008      
            234 out of 8455 program addresses used, program memory utilization is 2%



                              Symbols - Sorted by Name
                     Name    Address   Location    Storage File                     
                ---------  ---------  ---------  --------- ---------                
         CalculoDistancia   0x000097    program     static C:\Users\valen\Desktop\INGENIERIA\DIGITAL 2\GIT\TP_FINAL\Trabajo_Practico_de_Fin_de_Curso_Electronica_digital_2\Thremin.X\Theremin.asm
        CalculoFrecuencia   0x00002c    program     static C:\Users\valen\Desktop\INGENIERIA\DIGITAL 2\GIT\TP_FINAL\Trabajo_Practico_de_Fin_de_Curso_Electronica_digital_2\Thremin.X\Theremin.asm
           CapturaValores   0x0000c6    program     static C:\Users\valen\Desktop\INGENIERIA\DIGITAL 2\GIT\TP_FINAL\Trabajo_Practico_de_Fin_de_Curso_Electronica_digital_2\Thremin.X\Theremin.asm
           ChequeoBandera   0x0000d9    program     static C:\Users\valen\Desktop\INGENIERIA\DIGITAL 2\GIT\TP_FINAL\Trabajo_Practico_de_Fin_de_Curso_Electronica_digital_2\Thremin.X\Theremin.asm
               Delay_10us   0x0000cb    program     static C:\Users\valen\Desktop\INGENIERIA\DIGITAL 2\GIT\TP_FINAL\Trabajo_Practico_de_Fin_de_Curso_Electronica_digital_2\Thremin.X\Theremin.asm
               Delay_60ms   0x000022    program     static C:\Users\valen\Desktop\INGENIERIA\DIGITAL 2\GIT\TP_FINAL\Trabajo_Practico_de_Fin_de_Curso_Electronica_digital_2\Thremin.X\Theremin.asm
             Delay_60ms_H   0x000024    program     static C:\Users\valen\Desktop\INGENIERIA\DIGITAL 2\GIT\TP_FINAL\Trabajo_Practico_de_Fin_de_Curso_Electronica_digital_2\Thremin.X\Theremin.asm
             Delay_60ms_L   0x000026    program     static C:\Users\valen\Desktop\INGENIERIA\DIGITAL 2\GIT\TP_FINAL\Trabajo_Practico_de_Fin_de_Curso_Electronica_digital_2\Thremin.X\Theremin.asm
              DivisionEnd   0x0000b2    program     static C:\Users\valen\Desktop\INGENIERIA\DIGITAL 2\GIT\TP_FINAL\Trabajo_Practico_de_Fin_de_Curso_Electronica_digital_2\Thremin.X\Theremin.asm
             DivisionLoop   0x0000a4    program     static C:\Users\valen\Desktop\INGENIERIA\DIGITAL 2\GIT\TP_FINAL\Trabajo_Practico_de_Fin_de_Curso_Electronica_digital_2\Thremin.X\Theremin.asm
             EsperaBajada   0x0000bf    program     static C:\Users\valen\Desktop\INGENIERIA\DIGITAL 2\GIT\TP_FINAL\Trabajo_Practico_de_Fin_de_Curso_Electronica_digital_2\Thremin.X\Theremin.asm
             EsperaSubida   0x0000ba    program     static C:\Users\valen\Desktop\INGENIERIA\DIGITAL 2\GIT\TP_FINAL\Trabajo_Practico_de_Fin_de_Curso_Electronica_digital_2\Thremin.X\Theremin.asm
            FinFrecuencia   0x000096    program     static C:\Users\valen\Desktop\INGENIERIA\DIGITAL 2\GIT\TP_FINAL\Trabajo_Practico_de_Fin_de_Curso_Electronica_digital_2\Thremin.X\Theremin.asm
        Guardado_contexto   0x0000d6    program     static C:\Users\valen\Desktop\INGENIERIA\DIGITAL 2\GIT\TP_FINAL\Trabajo_Practico_de_Fin_de_Curso_Electronica_digital_2\Thremin.X\Theremin.asm
                      ISR   0x0000d6    program     static C:\Users\valen\Desktop\INGENIERIA\DIGITAL 2\GIT\TP_FINAL\Trabajo_Practico_de_Fin_de_Curso_Electronica_digital_2\Thremin.X\Theremin.asm
              InicioTimer   0x0000bc    program     static C:\Users\valen\Desktop\INGENIERIA\DIGITAL 2\GIT\TP_FINAL\Trabajo_Practico_de_Fin_de_Curso_Electronica_digital_2\Thremin.X\Theremin.asm
                     Loop   0x00001d    program     static C:\Users\valen\Desktop\INGENIERIA\DIGITAL 2\GIT\TP_FINAL\Trabajo_Practico_de_Fin_de_Curso_Electronica_digital_2\Thremin.X\Theremin.asm
                     Main   0x000005    program     static C:\Users\valen\Desktop\INGENIERIA\DIGITAL 2\GIT\TP_FINAL\Trabajo_Practico_de_Fin_de_Curso_Electronica_digital_2\Thremin.X\Theremin.asm
                  NOTA_A4   0x000077    program     static C:\Users\valen\Desktop\INGENIERIA\DIGITAL 2\GIT\TP_FINAL\Trabajo_Practico_de_Fin_de_Curso_Electronica_digital_2\Thremin.X\Theremin.asm
                  NOTA_A5   0x00008c    program     static C:\Users\valen\Desktop\INGENIERIA\DIGITAL 2\GIT\TP_FINAL\Trabajo_Practico_de_Fin_de_Curso_Electronica_digital_2\Thremin.X\Theremin.asm
                  NOTA_B4   0x00007a    program     static C:\Users\valen\Desktop\INGENIERIA\DIGITAL 2\GIT\TP_FINAL\Trabajo_Practico_de_Fin_de_Curso_Electronica_digital_2\Thremin.X\Theremin.asm
                  NOTA_B5   0x00008f    program     static C:\Users\valen\Desktop\INGENIERIA\DIGITAL 2\GIT\TP_FINAL\Trabajo_Practico_de_Fin_de_Curso_Electronica_digital_2\Thremin.X\Theremin.asm
                  NOTA_C4   0x000068    program     static C:\Users\valen\Desktop\INGENIERIA\DIGITAL 2\GIT\TP_FINAL\Trabajo_Practico_de_Fin_de_Curso_Electronica_digital_2\Thremin.X\Theremin.asm
                  NOTA_C5   0x00007d    program     static C:\Users\valen\Desktop\INGENIERIA\DIGITAL 2\GIT\TP_FINAL\Trabajo_Practico_de_Fin_de_Curso_Electronica_digital_2\Thremin.X\Theremin.asm
                  NOTA_C6   0x000092    program     static C:\Users\valen\Desktop\INGENIERIA\DIGITAL 2\GIT\TP_FINAL\Trabajo_Practico_de_Fin_de_Curso_Electronica_digital_2\Thremin.X\Theremin.asm
                  NOTA_D4   0x00006b    program     static C:\Users\valen\Desktop\INGENIERIA\DIGITAL 2\GIT\TP_FINAL\Trabajo_Practico_de_Fin_de_Curso_Electronica_digital_2\Thremin.X\Theremin.asm
                  NOTA_D5   0x000080    program     static C:\Users\valen\Desktop\INGENIERIA\DIGITAL 2\GIT\TP_FINAL\Trabajo_Practico_de_Fin_de_Curso_Electronica_digital_2\Thremin.X\Theremin.asm
                  NOTA_E4   0x00006e    program     static C:\Users\valen\Desktop\INGENIERIA\DIGITAL 2\GIT\TP_FINAL\Trabajo_Practico_de_Fin_de_Curso_Electronica_digital_2\Thremin.X\Theremin.asm
                  NOTA_E5   0x000083    program     static C:\Users\valen\Desktop\INGENIERIA\DIGITAL 2\GIT\TP_FINAL\Trabajo_Practico_de_Fin_de_Curso_Electronica_digital_2\Thremin.X\Theremin.asm
                  NOTA_F4   0x000071    program     static C:\Users\valen\Desktop\INGENIERIA\DIGITAL 2\GIT\TP_FINAL\Trabajo_Practico_de_Fin_de_Curso_Electronica_digital_2\Thremin.X\Theremin.asm
                  NOTA_F5   0x000086    program     static C:\Users\valen\Desktop\INGENIERIA\DIGITAL 2\GIT\TP_FINAL\Trabajo_Practico_de_Fin_de_Curso_Electronica_digital_2\Thremin.X\Theremin.asm
                  NOTA_G4   0x000074    program     static C:\Users\valen\Desktop\INGENIERIA\DIGITAL 2\GIT\TP_FINAL\Trabajo_Practico_de_Fin_de_Curso_Electronica_digital_2\Thremin.X\Theremin.asm
                  NOTA_G5   0x000089    program     static C:\Users\valen\Desktop\INGENIERIA\DIGITAL 2\GIT\TP_FINAL\Trabajo_Practico_de_Fin_de_Curso_Electronica_digital_2\Thremin.X\Theremin.asm
           NoEcho_NoRango   0x0000b5    program     static C:\Users\valen\Desktop\INGENIERIA\DIGITAL 2\GIT\TP_FINAL\Trabajo_Practico_de_Fin_de_Curso_Electronica_digital_2\Thremin.X\Theremin.asm
            ONDA_CUADRADA   0x0000dc    program     static C:\Users\valen\Desktop\INGENIERIA\DIGITAL 2\GIT\TP_FINAL\Trabajo_Practico_de_Fin_de_Curso_Electronica_digital_2\Thremin.X\Theremin.asm
           RutinaMedicion   0x0000b7    program     static C:\Users\valen\Desktop\INGENIERIA\DIGITAL 2\GIT\TP_FINAL\Trabajo_Practico_de_Fin_de_Curso_Electronica_digital_2\Thremin.X\Theremin.asm
                SalidaISR   0x0000e4    program     static C:\Users\valen\Desktop\INGENIERIA\DIGITAL 2\GIT\TP_FINAL\Trabajo_Practico_de_Fin_de_Curso_Electronica_digital_2\Thremin.X\Theremin.asm
                  SinEcho   0x000095    program     static C:\Users\valen\Desktop\INGENIERIA\DIGITAL 2\GIT\TP_FINAL\Trabajo_Practico_de_Fin_de_Curso_Electronica_digital_2\Thremin.X\Theremin.asm
               TestToggle   0x00001d    program     static C:\Users\valen\Desktop\INGENIERIA\DIGITAL 2\GIT\TP_FINAL\Trabajo_Practico_de_Fin_de_Curso_Electronica_digital_2\Thremin.X\Theremin.asm
                  Timeout   0x0000c3    program     static C:\Users\valen\Desktop\INGENIERIA\DIGITAL 2\GIT\TP_FINAL\Trabajo_Practico_de_Fin_de_Curso_Electronica_digital_2\Thremin.X\Theremin.asm
         Trigger_and_wait   0x0000b7    program     static C:\Users\valen\Desktop\INGENIERIA\DIGITAL 2\GIT\TP_FINAL\Trabajo_Practico_de_Fin_de_Curso_Electronica_digital_2\Thremin.X\Theremin.asm



                              Symbols - Sorted by Address
                     Name    Address   Location    Storage File                     
                ---------  ---------  ---------  --------- ---------                
                     Main   0x000005    program     static C:\Users\valen\Desktop\INGENIERIA\DIGITAL 2\GIT\TP_FINAL\Trabajo_Practico_de_Fin_de_Curso_Electronica_digital_2\Thremin.X\Theremin.asm
               TestToggle   0x00001d    program     static C:\Users\valen\Desktop\INGENIERIA\DIGITAL 2\GIT\TP_FINAL\Trabajo_Practico_de_Fin_de_Curso_Electronica_digital_2\Thremin.X\Theremin.asm
                     Loop   0x00001d    program     static C:\Users\valen\Desktop\INGENIERIA\DIGITAL 2\GIT\TP_FINAL\Trabajo_Practico_de_Fin_de_Curso_Electronica_digital_2\Thremin.X\Theremin.asm
               Delay_60ms   0x000022    program     static C:\Users\valen\Desktop\INGENIERIA\DIGITAL 2\GIT\TP_FINAL\Trabajo_Practico_de_Fin_de_Curso_Electronica_digital_2\Thremin.X\Theremin.asm
             Delay_60ms_H   0x000024    program     static C:\Users\valen\Desktop\INGENIERIA\DIGITAL 2\GIT\TP_FINAL\Trabajo_Practico_de_Fin_de_Curso_Electronica_digital_2\Thremin.X\Theremin.asm
             Delay_60ms_L   0x000026    program     static C:\Users\valen\Desktop\INGENIERIA\DIGITAL 2\GIT\TP_FINAL\Trabajo_Practico_de_Fin_de_Curso_Electronica_digital_2\Thremin.X\Theremin.asm
        CalculoFrecuencia   0x00002c    program     static C:\Users\valen\Desktop\INGENIERIA\DIGITAL 2\GIT\TP_FINAL\Trabajo_Practico_de_Fin_de_Curso_Electronica_digital_2\Thremin.X\Theremin.asm
                  NOTA_C4   0x000068    program     static C:\Users\valen\Desktop\INGENIERIA\DIGITAL 2\GIT\TP_FINAL\Trabajo_Practico_de_Fin_de_Curso_Electronica_digital_2\Thremin.X\Theremin.asm
                  NOTA_D4   0x00006b    program     static C:\Users\valen\Desktop\INGENIERIA\DIGITAL 2\GIT\TP_FINAL\Trabajo_Practico_de_Fin_de_Curso_Electronica_digital_2\Thremin.X\Theremin.asm
                  NOTA_E4   0x00006e    program     static C:\Users\valen\Desktop\INGENIERIA\DIGITAL 2\GIT\TP_FINAL\Trabajo_Practico_de_Fin_de_Curso_Electronica_digital_2\Thremin.X\Theremin.asm
                  NOTA_F4   0x000071    program     static C:\Users\valen\Desktop\INGENIERIA\DIGITAL 2\GIT\TP_FINAL\Trabajo_Practico_de_Fin_de_Curso_Electronica_digital_2\Thremin.X\Theremin.asm
                  NOTA_G4   0x000074    program     static C:\Users\valen\Desktop\INGENIERIA\DIGITAL 2\GIT\TP_FINAL\Trabajo_Practico_de_Fin_de_Curso_Electronica_digital_2\Thremin.X\Theremin.asm
                  NOTA_A4   0x000077    program     static C:\Users\valen\Desktop\INGENIERIA\DIGITAL 2\GIT\TP_FINAL\Trabajo_Practico_de_Fin_de_Curso_Electronica_digital_2\Thremin.X\Theremin.asm
                  NOTA_B4   0x00007a    program     static C:\Users\valen\Desktop\INGENIERIA\DIGITAL 2\GIT\TP_FINAL\Trabajo_Practico_de_Fin_de_Curso_Electronica_digital_2\Thremin.X\Theremin.asm
                  NOTA_C5   0x00007d    program     static C:\Users\valen\Desktop\INGENIERIA\DIGITAL 2\GIT\TP_FINAL\Trabajo_Practico_de_Fin_de_Curso_Electronica_digital_2\Thremin.X\Theremin.asm
                  NOTA_D5   0x000080    program     static C:\Users\valen\Desktop\INGENIERIA\DIGITAL 2\GIT\TP_FINAL\Trabajo_Practico_de_Fin_de_Curso_Electronica_digital_2\Thremin.X\Theremin.asm
                  NOTA_E5   0x000083    program     static C:\Users\valen\Desktop\INGENIERIA\DIGITAL 2\GIT\TP_FINAL\Trabajo_Practico_de_Fin_de_Curso_Electronica_digital_2\Thremin.X\Theremin.asm
                  NOTA_F5   0x000086    program     static C:\Users\valen\Desktop\INGENIERIA\DIGITAL 2\GIT\TP_FINAL\Trabajo_Practico_de_Fin_de_Curso_Electronica_digital_2\Thremin.X\Theremin.asm
                  NOTA_G5   0x000089    program     static C:\Users\valen\Desktop\INGENIERIA\DIGITAL 2\GIT\TP_FINAL\Trabajo_Practico_de_Fin_de_Curso_Electronica_digital_2\Thremin.X\Theremin.asm
                  NOTA_A5   0x00008c    program     static C:\Users\valen\Desktop\INGENIERIA\DIGITAL 2\GIT\TP_FINAL\Trabajo_Practico_de_Fin_de_Curso_Electronica_digital_2\Thremin.X\Theremin.asm
                  NOTA_B5   0x00008f    program     static C:\Users\valen\Desktop\INGENIERIA\DIGITAL 2\GIT\TP_FINAL\Trabajo_Practico_de_Fin_de_Curso_Electronica_digital_2\Thremin.X\Theremin.asm
                  NOTA_C6   0x000092    program     static C:\Users\valen\Desktop\INGENIERIA\DIGITAL 2\GIT\TP_FINAL\Trabajo_Practico_de_Fin_de_Curso_Electronica_digital_2\Thremin.X\Theremin.asm
                  SinEcho   0x000095    program     static C:\Users\valen\Desktop\INGENIERIA\DIGITAL 2\GIT\TP_FINAL\Trabajo_Practico_de_Fin_de_Curso_Electronica_digital_2\Thremin.X\Theremin.asm
            FinFrecuencia   0x000096    program     static C:\Users\valen\Desktop\INGENIERIA\DIGITAL 2\GIT\TP_FINAL\Trabajo_Practico_de_Fin_de_Curso_Electronica_digital_2\Thremin.X\Theremin.asm
         CalculoDistancia   0x000097    program     static C:\Users\valen\Desktop\INGENIERIA\DIGITAL 2\GIT\TP_FINAL\Trabajo_Practico_de_Fin_de_Curso_Electronica_digital_2\Thremin.X\Theremin.asm
             DivisionLoop   0x0000a4    program     static C:\Users\valen\Desktop\INGENIERIA\DIGITAL 2\GIT\TP_FINAL\Trabajo_Practico_de_Fin_de_Curso_Electronica_digital_2\Thremin.X\Theremin.asm
              DivisionEnd   0x0000b2    program     static C:\Users\valen\Desktop\INGENIERIA\DIGITAL 2\GIT\TP_FINAL\Trabajo_Practico_de_Fin_de_Curso_Electronica_digital_2\Thremin.X\Theremin.asm
           NoEcho_NoRango   0x0000b5    program     static C:\Users\valen\Desktop\INGENIERIA\DIGITAL 2\GIT\TP_FINAL\Trabajo_Practico_de_Fin_de_Curso_Electronica_digital_2\Thremin.X\Theremin.asm
         Trigger_and_wait   0x0000b7    program     static C:\Users\valen\Desktop\INGENIERIA\DIGITAL 2\GIT\TP_FINAL\Trabajo_Practico_de_Fin_de_Curso_Electronica_digital_2\Thremin.X\Theremin.asm
           RutinaMedicion   0x0000b7    program     static C:\Users\valen\Desktop\INGENIERIA\DIGITAL 2\GIT\TP_FINAL\Trabajo_Practico_de_Fin_de_Curso_Electronica_digital_2\Thremin.X\Theremin.asm
             EsperaSubida   0x0000ba    program     static C:\Users\valen\Desktop\INGENIERIA\DIGITAL 2\GIT\TP_FINAL\Trabajo_Practico_de_Fin_de_Curso_Electronica_digital_2\Thremin.X\Theremin.asm
              InicioTimer   0x0000bc    program     static C:\Users\valen\Desktop\INGENIERIA\DIGITAL 2\GIT\TP_FINAL\Trabajo_Practico_de_Fin_de_Curso_Electronica_digital_2\Thremin.X\Theremin.asm
             EsperaBajada   0x0000bf    program     static C:\Users\valen\Desktop\INGENIERIA\DIGITAL 2\GIT\TP_FINAL\Trabajo_Practico_de_Fin_de_Curso_Electronica_digital_2\Thremin.X\Theremin.asm
                  Timeout   0x0000c3    program     static C:\Users\valen\Desktop\INGENIERIA\DIGITAL 2\GIT\TP_FINAL\Trabajo_Practico_de_Fin_de_Curso_Electronica_digital_2\Thremin.X\Theremin.asm
           CapturaValores   0x0000c6    program     static C:\Users\valen\Desktop\INGENIERIA\DIGITAL 2\GIT\TP_FINAL\Trabajo_Practico_de_Fin_de_Curso_Electronica_digital_2\Thremin.X\Theremin.asm
               Delay_10us   0x0000cb    program     static C:\Users\valen\Desktop\INGENIERIA\DIGITAL 2\GIT\TP_FINAL\Trabajo_Practico_de_Fin_de_Curso_Electronica_digital_2\Thremin.X\Theremin.asm
        Guardado_contexto   0x0000d6    program     static C:\Users\valen\Desktop\INGENIERIA\DIGITAL 2\GIT\TP_FINAL\Trabajo_Practico_de_Fin_de_Curso_Electronica_digital_2\Thremin.X\Theremin.asm
                      ISR   0x0000d6    program     static C:\Users\valen\Desktop\INGENIERIA\DIGITAL 2\GIT\TP_FINAL\Trabajo_Practico_de_Fin_de_Curso_Electronica_digital_2\Thremin.X\Theremin.asm
           ChequeoBandera   0x0000d9    program     static C:\Users\valen\Desktop\INGENIERIA\DIGITAL 2\GIT\TP_FINAL\Trabajo_Practico_de_Fin_de_Curso_Electronica_digital_2\Thremin.X\Theremin.asm
            ONDA_CUADRADA   0x0000dc    program     static C:\Users\valen\Desktop\INGENIERIA\DIGITAL 2\GIT\TP_FINAL\Trabajo_Practico_de_Fin_de_Curso_Electronica_digital_2\Thremin.X\Theremin.asm
                SalidaISR   0x0000e4    program     static C:\Users\valen\Desktop\INGENIERIA\DIGITAL 2\GIT\TP_FINAL\Trabajo_Practico_de_Fin_de_Curso_Electronica_digital_2\Thremin.X\Theremin.asm


